// Jest Snapshot v1, https://goo.gl/fbAQLP

exports[`Test in <HeaderMobile /> should be match with the snapshot 1`] = `
<DocumentFragment>
  <header
    class="ant-layout-header header-mobile flex-row-center space-between css-dev-only-do-not-override-17a39f8"
  >
    <button
      data-testid="sidebar-toggle-button"
    >
      <svg
        aria-hidden="true"
        class="svg-inline--fa fa-bars "
        data-icon="bars"
        data-prefix="fas"
        focusable="false"
        role="img"
        viewBox="0 0 448 512"
        xmlns="http://www.w3.org/2000/svg"
      >
        <path
          d="M0 96C0 78.3 14.3 64 32 64H416c17.7 0 32 14.3 32 32s-14.3 32-32 32H32C14.3 128 0 113.7 0 96zM0 256c0-17.7 14.3-32 32-32H416c17.7 0 32 14.3 32 32s-14.3 32-32 32H32c-17.7 0-32-14.3-32-32zM448 416c0 17.7-14.3 32-32 32H32c-17.7 0-32-14.3-32-32s14.3-32 32-32H416c17.7 0 32 14.3 32 32z"
          fill="currentColor"
        />
      </svg>
    </button>
    <input
      class="br-4"
      placeholder="Búsqueda rápida"
      type="text"
    />
    <button>
      <svg
        aria-hidden="true"
        class="svg-inline--fa fa-plus "
        data-icon="plus"
        data-prefix="fas"
        focusable="false"
        role="img"
        viewBox="0 0 448 512"
        xmlns="http://www.w3.org/2000/svg"
      >
        <path
          d="M256 80c0-17.7-14.3-32-32-32s-32 14.3-32 32V224H48c-17.7 0-32 14.3-32 32s14.3 32 32 32H192V432c0 17.7 14.3 32 32 32s32-14.3 32-32V288H400c17.7 0 32-14.3 32-32s-14.3-32-32-32H256V80z"
          fill="currentColor"
        />
      </svg>
    </button>
  </header>
</DocumentFragment>
`;
